Open Watcom Linker Version 1.9
Portions Copyright (c) 1985-2002 Sybase, Inc. All Rights Reserved.
Created on:       20/11/23 09:32:30
Executable Image: space.exe
creating a Windows NT character-mode executable


                        +------------+
                        |   Groups   |
                        +------------+

Group                           Address              Size
=====                           =======              ====

.idata                          00417000             00000786
DGROUP                          00418000             00014120



                        +--------------+
                        |   Segments   |
                        +--------------+

Segment                Class          Group          Address         Size
=======                =====          =====          =======         ====

BEGTEXT                CODE           AUTO           00401000        00000007
_TEXT                  CODE           AUTO           00401010        000158bd
TRANSFER CODE          CODE           AUTO           004168d0        0000019e
.idata                 .idata         .idata         00417000        00000786
_NULL                  BEGDATA        DGROUP         00418000        00000004
_AFTERNULL             BEGDATA        DGROUP         00418004        00000000
CONST                  DATA           DGROUP         00418010        00000ab8
_DATA                  DATA           DGROUP         00418ad0        00001454
XIB                    DATA           DGROUP         00419f24        00000000
XI                     DATA           DGROUP         00419f24        0000004e
XIE                    DATA           DGROUP         00419f72        00000000
YIB                    DATA           DGROUP         00419f72        00000000
YI                     DATA           DGROUP         00419f72        00000030
YIE                    DATA           DGROUP         00419fa2        00000000
CONST2                 DATA           DGROUP         00419fa4        00000000
TIB                    DATA           DGROUP         00419fa4        00000000
TI                     DATA           DGROUP         00419fa4        00000000
TIE                    DATA           DGROUP         00419fa4        00000000
DATA                   DATA           DGROUP         00419fa4        00000000
DATA32                 DATA           DGROUP         00419fa4        0000011c
CONST32                CONST          DGROUP         0041b000        00000000
_BSS                   BSS            DGROUP         0041b000        000010f0
GDATA@0                BSS            DGROUP         0041c0f0        00000022
BSS32                  BSS            DGROUP         0041c114        00000000
STACK                  STACK          DGROUP         0041c120        00010000


                        +----------------+
                        |   Memory Map   |
                        +----------------+

* = unreferenced symbol
+ = symbol only referenced locally

Address        Symbol
=======        ======

Module: computing.obj(D:\Fortran_trash\computing.for)
00401010       PARALLEL
00401041       PYRAMID
00401269       OBELISK
004012c5       WEDGE
00401308       CSCYLINDER
0040133e       TCCYLINDER
00401382       CYLINDER_SEGMENT
004013fa       PIPE
00401445       CSCONE
00401481       TSCONE
004014de       SPHERE
0040151e       SPHERE_SECTOR
0040155a       SPHERE_SEGMENT
004015a7       SPHERE_LAYER
00401607       FERTILIZER
0040163d       BALL_BARREL
00401685       PARA_BARREL
Module: finput.obj(C:\Users\Tony\Desktop\space\finput.for)
004016ee+      IS_CORRECT_DATA
00401765       PARALLEL_INPUT
004018bd       PYRAMID_INPUT
00401ae6       OBELISK_INPUT
00401cc9       WEDGE_INPUT
00401e66       CSCYLINDER_INPUT
00401f79       TCCYLINDER_INPUT
004020d1       CYLINDER_SEGMENT_INPUT
004022b4       PIPE_INPUT
0040240c       CSCONE_INPUT
0040251f       TSCONE_INPUT
00402677       SPHERE_INPUT
00402745       SPHERE_SECTOR_INPUT
00402858       SPHERE_SEGMENT_INPUT
0040296b       SPHERE_LAYER_INPUT
00402ac3       FERTILIZER_INPUT
00402bd6       BALL_BARREL_INPUT
00402d2e       PARABOLIC_BARREL_INPUT
Module: GEOM.obj(D:\Fortran_trash\GEOM.for)
00402e86       OF_DUTY
00403062+      SET_FIGURE
Module: ui.obj(D:\Fortran_trash\ui.for)
004032ed       FMAIN
004033ba       PRINT_UNIT
00403489       GET_UNIT
00403506+      START_MENU
004035a2+      MAIN_MENU
00403657+      UNIT_MENU
Module: D:\WATCOM/lib386\math387r.lib(sqrt87)
0040370c*      sqrt_
0040373c       IF@SQRT
0040373c*      IF@DSQRT
0040373e*      __@DSQRT
Module: D:\WATCOM/lib386/nt\clib3r.lib(_8087)
00418f80       __8087
00418f81       __real87
Module: D:\WATCOM/lib386/nt\emu387.lib(386)
00403770       __init_387_emulator
00403771*      __fini_387_emulator
Module: D:\WATCOM/lib386/nt\flib7.lib(initeng.c)
0041b000       __init_english
Module: D:\WATCOM/lib386/nt\flib7.lib(initerr.c)
0041b004       __init_error
Module: D:\WATCOM/lib386/nt\flib7.lib(xfamin1.c)
00403780       IF@XAMIN1
Module: D:\WATCOM/lib386/nt\flib7.lib(cowrite)
004037ca       RT@IOWrite
004037d9*      RT@OutLOG1
004037eb*      RT@OutLOG4
004037f9*      RT@OutINT1
0040380b*      RT@OutINT2
0040381b       RT@OutINT4
0040382a       RT@OutREAL
0040383a*      RT@OutDBLE
0040384a*      RT@OutXTND
0040385a*      RT@OutCPLX
00403870*      RT@OutDBCX
00403886*      RT@OutXTCX
0040389c       RT@OutCHAR
004038a1*      RT@OutSTR
004038a6*      RT@PrtArr
004038ab*      RT@PrtChArr
Module: D:\WATCOM/lib386/nt\flib7.lib(cortns)
00418f84*      _FRT_SaveESP
004038bb*      SwitchToGen
004038d9       SwitchToRT
004038f7       RdWrCommon
0040399b       IOType_
004039b9       IOChar
004039d4       IOStr
004039e9       IOArr
00403a04       IOChArr
00403a26       RT@EndIO
Module: D:\WATCOM/lib386/nt\flib7.lib(setfmt.c)
00403a30       RT@SetFmt
Module: D:\WATCOM/lib386/nt\flib7.lib(coread)
00403a50       RT@IORead
00403a5f*      RT@InpLOG1
00403a6e*      RT@InpLOG4
00403a7d*      RT@InpINT1
00403a8c*      RT@InpINT2
00403a9b       RT@InpINT4
00403aaa       RT@InpREAL
00403ab9*      RT@InpDBLE
00403ac8*      RT@InpXTND
00403ad7*      RT@InpCPLX
00403ae6*      RT@InpDBCX
00403af5*      RT@InpXTCX
00403b04*      RT@InpCHAR
00403b09*      RT@InpSTR
00403b0e*      RT@InpArr
00403b13*      RT@InpChArr
Module: D:\WATCOM/lib386/nt\flib7.lib(stop.c)
00403b40       RT@Stop
00418fa4+      LG@STOP_HOOK
Module: D:\WATCOM/lib386/nt\flib7.lib(pause.c)
00403bc0       RT@Pause
00418fa8*      LG@PAUSE_HOOK
Module: D:\WATCOM/lib386/nt\clib3r.lib(cstrtwnt)
00403c04       _cstart_
00403c04*      mainCRTStartup
Module: D:\WATCOM/lib386\math387r.lib(math87e.c)
00403c60       __math87_err_
Module: D:\WATCOM/lib386/nt\clib3r.lib(chk8087.c)
00403cf0*      _fpreset_
00403d30       __chk8087_
00403d40*      __init_8087_
Module: D:\WATCOM/lib386/nt\clib3r.lib(crwdata)
00418ff0       __osmajor
00418ff1       __osminor
00418ff2       __osbuild
00418ff4       __osver
00418ff8       __winmajor
00418ffc       __winminor
00419000       __winver
00418fbc       __LpDllName
00418fc0       __LpwCmdLine
00418fc4       __LpwPgmName
00418fc8       __LpwDllName
00418fb4       __LpCmdLine
00418fb8       __LpPgmName
00418fac*      __dynend
00418fb0       __curbrk
00418fcc*      __STACKLOW
00418fd0       __STACKTOP
00418fd4       __ASTACKSIZ
00418fd8       __ASTACKPTR
00418fdc*      __cbyte
00418fe0*      __cbyte2
00418fe4*      __child
00418fea       __Envptr
00418fee*      __Envseg
00418fe8       __no87
00419004       ___FPE_handler
Module: D:\WATCOM/lib386/nt\flib7.lib(english.c)
00403d90       __UseEnglishCharSet_
Module: D:\WATCOM/lib386/nt\flib7.lib(errincl.c)
00403ea0       __InitError_
00419008+      _PGroupTable
0041900c+      _PErrWord
Module: D:\WATCOM/lib386/nt\flib7.lib(exwrite.c)
00403f30       DoWrite_
Module: D:\WATCOM/lib386/nt\flib7.lib(setiocb.c)
00403f60       RT@SetIOCB
Module: D:\WATCOM/lib386/nt\flib7.lib(rdata.c)
0041b010       _IORslt
0041b020       _FmtBuff
0041b024*      _Fmt_revert
0041b028*      _Fmt_start
0041b02c*      _Fmt_paren_level
0041b030*      _Fmt_charptr
0041b034*      _FmtEmStruct
0041b038       _IOTypeRtn
0041b03c*      _Fmt_end
0041b040*      _Fmt_rep_spec
0041b044       _FmtRoutine
0041b048       _IOCB
0041b04c       _Files
0041b050*      _Fmt_delimited
Module: D:\WATCOM/lib386/nt\flib7.lib(iomain.c)
00403ff0       __ReleaseIOSys_
00404010       IOMain_
Module: D:\WATCOM/lib386/nt\flib7.lib(thrdutil.c)
00404220*      __InitMultiThreadIO_
00419014       ___SwitchStkLow
Module: D:\WATCOM/lib386/nt\flib7.lib(rfmtexec.c)
00404b60       R_FExec_
Module: D:\WATCOM/lib386/nt\flib7.lib(exread.c)
00404c10       DoRead_
Module: D:\WATCOM/lib386/nt\flib7.lib(rtinit.c)
00419018       ___FAppType
0041901c       __ExceptionInit
00419020       __ExceptionFini
00404c50*      __InitFThreadData_
00404c90+      RTSysFini_
00404ca0       RTSysInit_
00419028       __AccessFIO
0041902c       __ReleaseFIO
00419030       __PartialReleaseFIO
0041b058       ___FThreadDataOffset
00419f42*      ___fthread_data_size
Module: D:\WATCOM/lib386/nt\clib3r.lib(mainwnt.c)
00419034       ___TlsIndex
00419038       ___FirstThreadData
0041903c       ___GetThreadPtr
00419040       __AccessFileH
00419044       __ReleaseFileH
00419048       __AccessIOB
0041904c       __ReleaseIOB
00419050       __AccessNHeap
00419054       __AccessFHeap
00419058       __ReleaseNHeap
00404d10*      __threadid_
00404d30+      __sig_null_rtn_
00404d40+      __NTInit_
00404f20+      __NTFini_
00404f80       __NTMainInit_
00404fe0       __exit_
0041905c       __ReleaseFHeap
00419060       __AccessTDList
00419064       __ReleaseTDList
00419068       __AccessFList
0041906c       __ReleaseFList
00419070       __ThreadExitRtn
00419074       ___sig_init_rtn
00419078       ___sig_fini_rtn
0041907c       ___process_fini
0041b064       ___Is_DLL
Module: D:\WATCOM/lib386/nt\flib7.lib(spawn.c)
00405030       Spawn_
00405090       Suicide_
Module: D:\WATCOM/lib386/nt\flib7.lib(rterr.c)
00419080+      _TraceRoutine
004050f0       FlushStdUnit_
00405140+      WriteErr_
00405210       ErrHandler_
00405250       RTErr_
0041908c+      LG@ERR_HOOK
Module: D:\WATCOM/lib386/nt\flib7.lib(stdio.c)
00405290       StdBuffer_
004052b0       StdWrite_
00405390       StdFlush_
004053c0       StdWriteNL_
Module: D:\WATCOM/lib386/nt\flib7.lib(runmain.c)
004053f0*      __InitUnit6CC_
00405400       __DevicesCC_
00405410*      __InitAllowCommaSeparator_
00405420       __AllowCommaSep_
00405430+      _InitIO_
004054a0+      CloseAllFiles_
004054e0*      _FiniEx_
004054e0       RunExit_
00405520       RunEntry_
Module: D:\WATCOM/lib386/nt\flib7.lib(rtsysutl.c)
00405550       GetSysIOInfo_
00405570       GetSysFileInfo_
004055a0*      IsDevice_
00405770       OpenAction_
004057b0*      DfltRecType_
004057d0+      _FileAttrs_
00405890       CloseFile_
00405900       Scrtched_
00405920*      CloseDeleteFile_
00405970       Errf_
00405990       FPutBuff_
00405a00       FGetBuff_
00405a50       SeekFile_
00405a70       NoEOF_
00405a80       SysClearEOF_
00405a90*      SameFile_
00405aa0*      Rewindf_
00405ac0*      SysCreateFile_
00405b00       CheckLogicalRecord_
00405b20       SkipLogicalRecord_
00405b40*      BackSpacef_
00405b70*      EndFilef_
00405bb0       GetIOErrMsg_
00405bf0       ReportNExist_
00405c10       ReportEOF_
00405c20       WaitForEnter_
Module: D:\WATCOM/lib386/nt\clib3r.lib(main2wnt.c)
00405c30       __NTMain
Module: D:\WATCOM/lib386/nt\clib3r.lib(segdefns)
00401003       ___begtext
00418000*      __nullarea
00419f24       __Start_XI
00419f72       __End_XI
00419f72       __Start_YI
00419fa2       __End_YI
Module: D:\WATCOM/lib386/nt\flib7.lib(_matherr.c)
00405c90*      __imath2err_
00405cd0*      __amath1err_
00405d00*      __amath2err_
00405d30       __math2err_
00405e40       __math1err_
00405e50*      __zmath2err_
00405eb0*      __qmath2err_
Module: D:\WATCOM/lib386/nt\clib3r.lib(8087cw.c)
0041949c       __8087cw
Module: D:\WATCOM/lib386/nt\clib3r.lib(save8087.c)
004194a0       ___Save8087
004194a4       ___Rest8087
Module: D:\WATCOM/lib386/nt\clib3r.lib(init8087)
00405f24       __x87id
Module: D:\WATCOM/lib386/nt\flib7.lib(csetinfo.c)
0041b684       _CharSetInfo
Module: D:\WATCOM/lib386/nt\flib7.lib(errmsg.c)
00406290       _GroupTable
00406340       _ErrWord
Module: D:\WATCOM/lib386/nt\flib7.lib(blderr.c)
004069f0       Substitute_
00406bb0       ErrCodOrg_
Module: D:\WATCOM/lib386/nt\flib7.lib(errrtns.c)
0041b698       ___ErrorFini
0041b69c       ___ErrorInit
0041b6a0       ___BldErrMsg
Module: D:\WATCOM/lib386/nt\flib7.lib(rdwr.c)
00406bc0+      DoOpen_
00406bf0+      _AllocBuffer_
00406c30       IOPrologue_
00406e70       UpdateRecNum_
Module: D:\WATCOM/lib386/nt\flib7.lib(unfmtout.c)
00406f90       UnFmtOut_
Module: D:\WATCOM/lib386/nt\flib7.lib(freeout.c)
004073e0       FreeOut_
004194a8+      _OutRtn
Module: D:\WATCOM/lib386/nt\flib7.lib(rtutls.c)
004074e0       FindFtnFile_
004075d0       RChkAlloc_
00407600       F_Connect_
00407680       ConnectFile_
00407690*      GetFileInfo_
00407780       DiscoFile_
004077f0*      ChkFileName_
00407820+      ChkLogFile_
00407860       ChkIOOperation_
004078a0       GetIOErr_
004078b0       ChkIOErr_
004078d0       ChkUnitId_
00407910*      ChkConnected_
00407930       SetEOF_
00407960       ClearEOF_
004079a0       SysEOF_
004079d0       IsFixed_
004079e0       IsCarriage_
004079f0*      ChkRecordStructure_
00407a20*      ChkSequential_
00407a40*      ChkExist_
00407a70*      StrItem_
Module: D:\WATCOM/lib386/nt\flib7.lib(ioinit.c)
00407ab0       IOSysInit_
Module: D:\WATCOM/lib386/nt\flib7.lib(ioerr.c)
00407b10       IOErr_
Module: D:\WATCOM/lib386/nt\flib7.lib(wrutils.c)
00407ba0       F_SendData_
00407c00*      SendLine_
00407c10       SendEOR_
00407ca0*      SendInt_
00407cd0       SendStr_
00407cf0+      SendWSLStr_
00407d10       SendChar_
00407d30       Drop_
00407ef0       IOItemResult_
Module: D:\WATCOM/lib386/nt\flib7.lib(rfmtutil.c)
00407fa0       R_ChkType_
00407fd0       R_NewRec_
00408010       R_ChkIType_
00408040       R_ChkFType_
00408070       R_ChkRecLen_
00408090+      GetLen_
004080d0       R_FOStr_
004080e0*      FOString_
00408150       R_FIStr_
00408210       R_FOLog_
00408260       R_FILog_
00408340       R_FIFloat_
00408530       GetReal_
00408640       R_FOF_
004086c0       R_FOE_
00408800+      FmtH2B_
004088f0       R_FIHex_
00408a70       R_FOHex_
00408a80*      FOHex_
00408b80       R_FIInt_
00408c90       R_FOInt_
00408ef0       R_FOG_
00409170+      ChkBuffLen_
Module: D:\WATCOM/lib386/nt\flib7.lib(arrayio.c)
00409230       ArrayIOType_
Module: D:\WATCOM/lib386/nt\flib7.lib(unfmtin.c)
004092b0       UnFmtIn_
00409350+      NextUnFmtRec_
Module: D:\WATCOM/lib386/nt\flib7.lib(freein.c)
00409730+      GetNum_
00409930       FreeIn_
00409940*      DoFreeIn_
00409970+      BumpComma_
004099a0+      Blanks_
004099c0+      CheckEor_
Module: D:\WATCOM/lib386/nt\flib7.lib(rttraps.c)
0040a0c0       __EnableF77RTExceptionHandling_
0040a0d0       R_TrapInit_
0040a160       R_TrapFini_
0040a170*      __InitExceptionVectors_
Module: D:\WATCOM/lib386/nt\clib3r.lib(nodefwin.c)
004194e0*      __WindowsIsWindowedHandle
004194e4*      __WindowsRemoveWindowedHandle
004194e8*      __WindowsNewWindow
004194ec*      __WindowsCloseWindow
004194f0*      __WindowsSetAbout
004194f4*      __WindowsSetAppTitle
004194f8*      __WindowsSetConTitle
004194fc*      __WindowsDestroyOnClose
00419500*      __WindowsYieldControl
00419504*      __WindowsShutDown
00419508*      __WindowsStdin
0041950c       __WindowsStdout
00419510*      __WindowsKbhit
00419514*      __WindowsGetch
00419518*      __WindowsGetche
0041951c*      __WindowsPutch
0040a190*      _dwShutDown_
0040a190*      _dwYield_
0040a190*      _dwSetConTitle_
0040a190*      _dwSetAppTitle_
0040a190*      _dwSetAboutDlg_
0040a190       _dwDeleteOnClose_
00419520*      __WindowsExitRtn
0041b6a4*      __init_default_win
Module: D:\WATCOM/lib386/nt\clib3r.lib(atexit.c)
0040a193       atexit_
Module: D:\WATCOM/lib386/nt\clib3r.lib(regdata.c)
0040a1f0       __RegisterThreadDataSize_
Module: D:\WATCOM/lib386/nt\clib3r.lib(hdlman.c)
00419524+      ___NHandles
00419528+      ___OSHandles
0041952c+      ___FakeHandles
0040a220+      __growPOSIXHandles_
0040a2c0       __allocPOSIXHandle_
0040a380       __freePOSIXHandle_
0040a3a0       __getOSHandle_
0040a3b0       __setOSHandle_
0040a400+      __NTGetFakeHandle_
0040a470       __initPOSIXHandles_
0040a550*      __set_handles_
0040a560*      _grow_handles_
Module: D:\WATCOM/lib386/nt\clib3r.lib(environ.c)
0041b72c       ___env_mask
0041b730       _environ
0041b734       __wenviron
Module: D:\WATCOM/lib386/nt\clib3r.lib(getmodfn.c)
0040a5a0       __lib_GetModuleFileNameW_
Module: D:\WATCOM/lib386/nt\clib3r.lib(strdup.c)
0040a640       __clib_strdup_
Module: D:\WATCOM/lib386/nt\clib3r.lib(istable.c)
0040a680       __IsTable
Module: D:\WATCOM/lib386/nt\clib3r.lib(ustrdup.c)
0040a781       __clib_wcsdup_
Module: D:\WATCOM/lib386/nt\clib3r.lib(nfree.c)
0040a7b0       _nfree_
0040a7b0       free_
0041b738       ___MiniHeapFreeRover
Module: D:\WATCOM/lib386/nt\clib3r.lib(excptwnt.c)
0040af20+      ___ReportException@4
0040b370       __DefaultExceptionHandler_
0040b3b0+      ___ExceptionFilter
0040b5c0       __NewExceptionFilter_
0040b5f0       __DoneExceptionFilter_
00419538       ___oscode_check_func
0041953c       ___raise_func
0041b73c*      _sw
0041b740       ___ExceptionHandled
0041b741+      ___ReportInvoked
Module: D:\WATCOM/lib386/nt\clib3r.lib(stklmwnt.c)
0040b630       __init_stack_limits_
Module: D:\WATCOM/lib386/nt\clib3r.lib(initrtns.c)
0040b6b0       __InitRtns
0040b700       __FiniRtns
Module: D:\WATCOM/lib386/nt\clib3r.lib(setjmp)
0040b754       _setjmp_
0040b78d       longjmp_
Module: D:\WATCOM/lib386/nt\clib3r.lib(exit.c)
0040b815+      __null_int23_exit_
0040b816       exit_
0040b866*      _exit_
00419554+      ___int23_exit
00419558+      ___FPE_handler_exit
Module: D:\WATCOM/lib386/nt\flib7.lib(posdat.c)
0041973c       _FStdIn
00419740       _FStdOut
00419744       _FStdErr
Module: D:\WATCOM/lib386/nt\flib7.lib(posflush.c)
0040b880       FlushBuffer_
Module: D:\WATCOM/lib386/nt\flib7.lib(errutil.c)
0040b930       BldErrCode_
0040b990*      MsgFormat_
0040b9c0*      MsgBuffer_
00419748+      _PGrpCodes
Module: D:\WATCOM/lib386/nt\clib3r.lib(enterdb.c)
0040b9f0       __EnterWVIDEO_
0041974c       ___WD_Present
Module: D:\WATCOM/lib386/nt\clib3r.lib(iob.c)
00419750       ___iob
00419958       __fmode
0041b744       ___OpenStreams
0041b748       ___ClosedStreams
Module: D:\WATCOM/lib386/nt\clib3r.lib(setmd.c)
0040ba20       setmode_
Module: D:\WATCOM/lib386/nt\clib3r.lib(write.c)
0040bd60       write_
Module: D:\WATCOM/lib386/nt\clib3r.lib(errno.c)
0040bfc0       __get_errno_ptr_
0040bfd0*      __get_doserrno_ptr_
Module: D:\WATCOM/lib386/nt\flib7.lib(posopen.c)
0040bfe0       InitStd_
0040c0a0       SetIOBufferSize_
0040c0c0+      _AllocFile_
0040c1b0       Openf_
0040c2a0       Closef_
Module: D:\WATCOM/lib386/nt\flib7.lib(rmemmgr.c)
0040c320       RMemAlloc_
0040c330       RMemFree_
Module: D:\WATCOM/lib386/nt\clib3r.lib(accsswnt.c)
0040c340       access_
Module: D:\WATCOM/lib386/nt\clib3r.lib(fullpath.c)
0040c380+      _sys_fullpath_
0040c400       _fullpath_
Module: D:\WATCOM/lib386/nt\clib3r.lib(fstatwnt.c)
0040c470       fstat_
Module: D:\WATCOM/lib386/nt\flib7.lib(poserr.c)
0040c7d0       Errorf_
0040c7f0*      EOFile_
0040c810       ErrorMsg_
0040c850       FSetTrunc_
0040c860       FSetSysErr_
0040c880       FSetErr_
0040c8a0       FSetEof_
0040c8c0       IOOk_
Module: D:\WATCOM/lib386/nt\clib3r.lib(statwnt.c)
0040c9e5       stat_
Module: D:\WATCOM/lib386/nt\flib7.lib(posdel.c)
0040cc20       Scratchf_
Module: D:\WATCOM/lib386/nt\flib7.lib(posput.c)
0040cc40       FPutRec_
0040cc80       ChopFile_
0040ccd0*      PutRec_
0040cdf0       writebytes_
0040ce70       SysWrite_
Module: D:\WATCOM/lib386/nt\flib7.lib(posget.c)
0040cfb0       readbytes_
0040d080       SysRead_
0040d4f0       FGetRec_
0040d520*      GetRec_
0040d540       GetStdChar_
0040d590       FCheckLogical_
0040d610       FSkipLogical_
0040d6e0*      FGetVarRecLen_
Module: D:\WATCOM/lib386/nt\flib7.lib(posseek.c)
0040d7d0       FSeekRec_
0040d810       CurrFileOffset_
0040d810       FGetFilePos_
0040d830       SysSeek_
0040da20*      FSeekAbs_
Module: D:\WATCOM/lib386/nt\clib3r.lib(stricmp.c)
0040da30       stricmp_
Module: D:\WATCOM/lib386/nt\flib7.lib(posrew.c)
0040da70       FRewind_
Module: D:\WATCOM/lib386/nt\flib7.lib(posback.c)
0040dae0       FBackspace_
Module: D:\WATCOM/lib386/nt\flib7.lib(postrunc.c)
0040dbc0       FTruncate_
Module: D:\WATCOM/lib386/nt\clib3r.lib(mthrdini.c)
0040dbe0       __InitThreadData_
00419964       ___ThreadDataSize
Module: D:\WATCOM/lib386/nt\clib3r.lib(memset.c)
0040dc10       memset_
Module: D:\WATCOM/lib386/nt\clib3r.lib(cmain386.c)
0040dc30       __CMain
Module: D:\WATCOM/lib386/nt\clib3r.lib(dosseg)
00001234       __DOSseg__
Module: D:\WATCOM/lib386/nt\clib3r.lib(memmove.c)
0040dc70       memmove_
Module: D:\WATCOM/lib386/nt\clib3r.lib(itoa.c)
0040dcd0       utoa_
0040dd20       itoa_
Module: D:\WATCOM/lib386/nt\clib3r.lib(ltoa.c)
0040dd50       ultoa_
0040dda0       ltoa_
Module: D:\WATCOM/lib386/nt\flib7.lib(sdfile.c)
00419968*      _FFCtrlSeq
0041996a*      _SkipCtrlSeq
0041996c       _NormalCtrlSeq
0041996e       _SDTermIn
00419972       _SDTermOut
00419976*      _SDPrtName
Module: D:\WATCOM/lib386/nt\flib7.lib(unfmtutl.c)
0040ddd0       _SizeVars
Module: D:\WATCOM/lib386/nt\flib7.lib(undefcg.c)
0040de70       OutLogCG_
0040de80       OutIntCG_
0040dec0+      FmtRealCG_
0040def0+      FmtDoubleCG_
0040df20+      FmtExtendedCG_
0040df50+      UndefIntCG_
0040df50+      UndefLogCG_
0040df50+      UndefExtendedCG_
0040df50+      UndefDoubleCG_
0040df50+      UndefRealCG_
0040df60+      GetRealCG_
0041997c       _FmtRealRtn
00419980       _FmtDoubleRtn
00419984       _FmtExtendedRtn
00419988       _SendStrRtn
0041998c       _UndefRealRtn
00419990       _UndefDoubleRtn
00419994       _UndefExtendedRtn
00419998       _UndefLogRtn
0041999c       _UndefIntRtn
004199a0       _GetRealRtn
Module: D:\WATCOM/lib386/nt\flib7.lib(cctrl.c)
0040df70       CheckCCtrl_
Module: D:\WATCOM/lib386/nt\flib7.lib(fdutil.c)
0040dfe0       LocFile_
0040dff0       LocUnit_
0040e020       ExtractInfo_
Module: D:\WATCOM/lib386/nt\flib7.lib(rstdio.c)
0040e150       _InitStandardInput_
0040e180       _InitStandardOutput_
Module: D:\WATCOM/lib386/nt\flib7.lib(deffname.c)
004199a4       _DefFName
Module: D:\WATCOM/lib386/nt\flib7.lib(stracc.c)
0040e1b0       TrimStr_
0040e1f0       GetStr_
Module: D:\WATCOM/lib386/nt\flib7.lib(ifile.c)
0040e220       SendIFBuff_
0040e250       NextIFBuff_
Module: D:\WATCOM/lib386/nt\flib7.lib(rdutils.c)
0040e280       NextRec_
Module: D:\WATCOM/lib386/nt\flib7.lib(rfmtlog.c)
0040e3a0       R_FmtLog_
Module: D:\WATCOM/lib386/nt\clib3r.lib(toupper.c)
0040e3d0       toupper_
Module: D:\WATCOM/lib386/nt\flib7.lib(fmtcnvt.c)
0040e3e0       FmtS2I_
0040e510       FmtS2F_
Module: D:\WATCOM/lib386/nt\flib7.lib(fmtrtns.c)
0040e8e0       R_F2E_
0040ea50       R_F2F_
0040ebe0       SetMaxPrec_
Module: D:\WATCOM/lib386/nt\flib7.lib(flt86.c)
0040ebf0       _P1d100
0040ebf8       _P1d_99
Module: D:\WATCOM/lib386\math387r.lib(pow87)
0040ed59*      pow_
0040ec00       IF@DPOW
0040ec00*      IF@POW
Module: D:\WATCOM/lib386/nt\flib7.lib(hexcnv.c)
0040ed80       Hex_
0040eda0*      HSToB_
0040ee10       BToHS_
Module: D:\WATCOM/lib386/nt\clib3r.lib(strupr.c)
0040ee60       strupr_
Module: D:\WATCOM/lib386/nt\flib7.lib(chrutils.c)
0040ee80       JmpBlanks_
Module: D:\WATCOM/lib386/nt\clib3r.lib(signlwnt.c)
004199ac+      __SignalTable
0040eea0+      __SetSignalFunc_
0040eef0+      __GetSignalFunc_
0040ef20+      __GetSignalOSCode_
0040ef50+      __CheckSignalExCode_
0040f090+      __sigabort_
0040f0a0       __sigfpe_handler_
0040f0f0       signal_
0040f180+      raise_
0040f1f0+      __SigInit_
0040f240+      __SigFini_
0040f280+      __sig_init_
Module: D:\WATCOM/lib386/nt\flib7.lib(fptraps.c)
0040f360*      __MaskDefaultFPE_
0040f380       FPTrapInit_
0040f3b0       FPTrapFini_
Module: D:\WATCOM/lib386/nt\clib3r.lib(trdlist.c)
0040f420       __GetThreadData_
0040f470       __ReallocThreadData_
0040f560       __AddThreadData_
0040f5e0       __RemoveThreadData_
0040f640       __ResizeThreadDataList_
0040f670       __FreeThreadDataList_
0040f6a0*      __ActiveThreads_
Module: D:\WATCOM/lib386/nt\clib3r.lib(nmalloc.c)
0040f6c0       _nmalloc_
0040f6c0       malloc_
00419a18       ___nheapbeg
00419a1c       ___MiniHeapRover
00419a20       ___LargestSizeB4MiniHeapRover
Module: D:\WATCOM/lib386/nt\clib3r.lib(seterrno.c)
0040f7ba       __set_errno_
0040f7c8*      __set_EDOM_
0040f7d6       __set_ERANGE_
0040f7e4*      __set_EINVAL_
0040f7f7       __set_doserrno_
Module: D:\WATCOM/lib386/nt\clib3r.lib(nrealloc.c)
0040f810*      _nrealloc_
0040f810       realloc_
Module: D:\WATCOM/lib386/nt\clib3r.lib(iomode.c)
0040f890       __GetIOMode_
0040f8b0       __SetIOMode_nogrow_
00419a24       ___NFiles
00419a28       ___init_mode
00419a78       ___io_mode
Module: D:\WATCOM/lib386/nt\clib3r.lib(stiomode.c)
0040f8d0       __grow_iomode_
0040f9a0+      __shrink_iomode_
0040f9e0       __SetIOMode_
Module: D:\WATCOM/lib386/nt\clib3r.lib(setenvp.c)
0040fa50       __setenvp_
0040fb10       __freeenvp_
Module: D:\WATCOM/lib386/nt\clib3r.lib(ustrlen.c)
0040fb5d       wcslen_
Module: D:\WATCOM/lib386/nt\clib3r.lib(memcpy.c)
0040fb70       memcpy_
Module: D:\WATCOM/lib386/nt\clib3r.lib(mem.c)
0040fb90       __MemAllocator
0040fc40       __MemFree
Module: D:\WATCOM/lib386/nt\clib3r.lib(conutwnt.c)
0040fd90*      __NTRealKey_
0040fe40*      __NTConsoleInput_
0040fe50       __NTConsoleOutput_
Module: D:\WATCOM/lib386/nt\clib3r.lib(fclex387.c)
0040fe60       _ClearFPE_
Module: D:\WATCOM/lib386/nt\clib3r.lib(ljmphdl.c)
00419a84       ___longjmp_handler
Module: D:\WATCOM/lib386/nt\clib3r.lib(lseek.c)
0040fe80       lseek_
Module: D:\WATCOM/lib386/nt\flib7.lib(errgrp.c)
0040fed0       _GrpCodes
Module: D:\WATCOM/lib386/nt\clib3r.lib(initfile.c)
0040ff90       __InitFiles_
Module: D:\WATCOM/lib386/nt\clib3r.lib(ioexit.c)
00410090*      fcloseall_
004100a0       __full_io_exit_
Module: D:\WATCOM/lib386/nt\clib3r.lib(dosret.c)
004100b0*      _dosretax_
004100c0*      _dosret0_
004100d0       __set_errno_dos_
00410100*      __set_errno_dos_reterr_
00410110       __set_errno_nt_
00410120*      __set_errno_nt_reterr_
Module: D:\WATCOM/lib386/nt\clib3r.lib(stackwnt.c)
00410140       stackavail_
Module: D:\WATCOM/lib386/nt\clib3r.lib(stk)
00410151*      __CHK
00410161*      __STK
00410180       __STKOVERFLOW_
00410190*      __GRO
004101b0*      __alloca_probe
Module: D:\WATCOM/lib386/nt\clib3r.lib(iomodtty.c)
004101d0       __ChkTTYIOMode_
00410210       __IOMode_
Module: D:\WATCOM/lib386/nt\clib3r.lib(close.c)
00410230       close_
Module: D:\WATCOM/lib386/nt\clib3r.lib(openwnt.c)
00410450*      open_
00410470       sopen_
Module: D:\WATCOM/lib386/nt\flib7.lib(poscc.c)
004104a0*      __LineFeedWithFormFeed_
004104b0       FSetCC_
Module: D:\WATCOM/lib386/nt\clib3r.lib(fgtattr.c)
00410510       __fixed_GetFileAttributesA_
Module: D:\WATCOM/lib386/nt\clib3r.lib(gtcwdwnt.c)
004105b0       getcwd_
Module: D:\WATCOM/lib386/nt\clib3r.lib(ntdirinf.c)
00410640       __MakeDOSDT_
00410670*      __FromDOSDT_
004106a0*      __GetNTDirInfo_
004106e0*      __NTFindNextFileWithAttr_
Module: D:\WATCOM/lib386/nt\clib3r.lib(d2ttime.c)
00410740       _d2ttime_
Module: D:\WATCOM/lib386/nt\clib3r.lib(strerror.c)
00410ae0       strerror_
00410b00*      _strerror_
00410bd0*      _doserror_
00419ba4+      __sys_errlist
00419c48+      __sys_nerr
Module: D:\WATCOM/lib386/nt\clib3r.lib(_strcmp)
00410c00       strcmp_
Module: D:\WATCOM/lib386/nt\clib3r.lib(mbspbrk.c)
00410d40       _mbspbrk_
Module: D:\WATCOM/lib386/nt\clib3r.lib(mbsinc.c)
00410d90       _mbsinc_
Module: D:\WATCOM/lib386/nt\clib3r.lib(tolower.c)
00410dc0       tolower_
Module: D:\WATCOM/lib386/nt\clib3r.lib(unlnkwnt.c)
00410dd0       unlink_
Module: D:\WATCOM/lib386/nt\clib3r.lib(chsizwnt.c)
00410e50       chsize_
Module: D:\WATCOM/lib386/nt\clib3r.lib(read.c)
00410f40       read_
Module: D:\WATCOM/lib386/nt\clib3r.lib(__stos)
004110d0       __STOSB
00411107*      __STOSD
Module: D:\WATCOM/lib386/nt\clib3r.lib(cinit.c)
00411180       __CommonInit_
Module: D:\WATCOM/lib386/nt\clib3r.lib(___argc.c)
0041b858       ____Argc
0041b85c       ____Argv
Module: D:\WATCOM/lib386/nt\flib7.lib(rtmain.c)
00411190       main_
Module: D:\WATCOM/lib386/nt\clib3r.lib(alphabet.c)
00418a64       ___Alphabet
Module: D:\WATCOM/lib386/nt\flib7.lib(expchk.c)
004111b0       ToFFormat_
Module: D:\WATCOM/lib386/nt\clib3r.lib(getenv.c)
00411200       getenv_
Module: D:\WATCOM/lib386/nt\flib7.lib(intarith.c)
00411290       AddIOFlo_
004112a0*      SubIOFlo_
004112b0       MulIOFlo_
Module: D:\WATCOM/lib386\math387r.lib(strtod.c)
004117d3+      __Strtold_
0041193a       strtod_
Module: D:\WATCOM/lib386\math387r.lib(ldcvt.c)
00411b5d       _LDScale10x_
00412104       __LDcvt_
Module: D:\WATCOM/lib386/nt\clib3r.lib(chipvar)
00419cf4       ___chipbug
00419cf4       __chipbug
Module: D:\WATCOM/lib386\math387r.lib(pow87e.c)
00412554       __pow87_err_
Module: D:\WATCOM/lib386\math387r.lib(exp87)
00412643*      exp_
004125dc*      __@DEXP1
004125e4*      IF@EXP
004125e4*      IF@DEXP
004125e6       __@DEXP
Module: D:\WATCOM/lib386/nt\clib3r.lib(chipd32.asm)
00412767       __fdiv_fpr
00412c29*      __fdiv_chk
00412c3c*      __fdiv_m32
00412c89*      __fdiv_m64
00412cd6*      __fdiv_m32r
00412d23*      __fdiv_m64r
Module: D:\WATCOM/lib386/nt\clib3r.lib(abort.c)
00412d85*      abort_
00412d97       __terminate_
00419d08       ___abort
Module: D:\WATCOM/lib386/nt\clib3r.lib(cntrl87.c)
00412db0       _control87_
Module: D:\WATCOM/lib386/nt\clib3r.lib(mthread.c)
00412f90+      __CloseSemaphore_
00412fd0+      __AccessIOB_
00412fe0+      __ReleaseIOB_
00412ff0+      __AccessFileH_
00413000+      __ReleaseFileH_
00413010+      __AccessNHeap_
00413020+      __ReleaseNHeap_
00413030+      __AccessFHeap_
00413040+      __ReleaseFHeap_
00413050+      __AccessTDList_
00413060+      __ReleaseTDList_
00413070+      __AccessFList_
00413080+      __AccessSemaphore_
004130e0+      __ReleaseFList_
004130f0+      __ReleaseSemaphore_
00413120+      __MultipleThread_
00413170+      __AllocInitThreadData_
004131c0*      __FreeInitThreadData_
004131d0       __NTThreadInit_
00413240       __NTAddThread_
00413290       __NTRemoveThread_
00413320       __InitMultipleThread_
00419d0c+      ___AccessSema4
00419d10+      ___ReleaseSema4
00419d14+      ___CloseSema4
Module: D:\WATCOM/lib386/nt\clib3r.lib(xmsgwnt.c)
004134e0+      __exit_with_msg_
00413540       __fatal_runtime_error_
Module: D:\WATCOM/lib386/nt\clib3r.lib(calloc.c)
00413560       calloc_
Module: D:\WATCOM/lib386/nt\clib3r.lib(register.c)
00413590       __initthread_
004135a0*      _beginthread_
004135b0       _endthread_
004135c0*      __RegisterThreadData_
Module: D:\WATCOM/lib386/nt\clib3r.lib(nmemneed.c)
00413610       __nmemneed_
Module: D:\WATCOM/lib386/nt\clib3r.lib(grownear.c)
00413780       __ExpandDGROUP_
Module: D:\WATCOM/lib386/nt\clib3r.lib(nmsize.c)
004137a0       _nmsize_
004137a0*      _msize_
Module: D:\WATCOM/lib386/nt\clib3r.lib(nexpand.c)
004137b0       _nexpand_
004137b0*      _expand_
004137f0+      __HeapManager_expand_
Module: D:\WATCOM/lib386/nt\clib3r.lib(dofilstr.c)
004139d0       __ParsePosixHandleStr_
Module: D:\WATCOM/lib386/nt\clib3r.lib(clearenv.c)
00413af0       clearenv_
Module: D:\WATCOM/lib386/nt\clib3r.lib(__lseek.c)
00413b80       __lseek_
Module: D:\WATCOM/lib386/nt\clib3r.lib(fclose.c)
00413bc0+      __doclose_
00413c60       __shutdown_stream_
00413c80*      fclose_
0041bfcc+      ___RmTmpFileFn
Module: D:\WATCOM/lib386/nt\clib3r.lib(freefp.c)
00413cd0       __freefp_
00413d20       __purgefp_
Module: D:\WATCOM/lib386/nt\clib3r.lib(isattwnt.c)
00413d50       isatty_
Module: D:\WATCOM/lib386/nt\clib3r.lib(_clsewnt.c)
00413d70       __close_
Module: D:\WATCOM/lib386/nt\clib3r.lib(ntfio.c)
00413dd0*      __GetNTCreateAttr_
00413e10       __GetNTAccessAttr_
00413e40       __GetNTShareAttr_
Module: D:\WATCOM/lib386/nt\clib3r.lib(umaskval.c)
00419d24       ___umaskval
Module: D:\WATCOM/lib386/nt\clib3r.lib(strncpy.c)
00413ea0       strncpy_
Module: D:\WATCOM/lib386/nt\clib3r.lib(mktime.c)
00413ee0       mktime_
Module: D:\WATCOM/lib386/nt\clib3r.lib(mbterm.c)
00413f70       _mbterm_
Module: D:\WATCOM/lib386/nt\clib3r.lib(mbsnextc.c)
00413fb0       _mbsnextc_
Module: D:\WATCOM/lib386/nt\clib3r.lib(mbschr.c)
00413ff0       _mbschr_
Module: D:\WATCOM/lib386/nt\clib3r.lib(mbisdbcs.c)
0041bfd0       ___IsDBCS
Module: D:\WATCOM/lib386/nt\clib3r.lib(mbislead.c)
00414050*      _ismbblead_
0041bfd4       ___MBCSIsTable
Module: D:\WATCOM/lib386/nt\clib3r.lib(argcv.c)
0041c0d8       __argc
0041c0dc       __argv
0041c0e0       ___argv
0041c0e4       ___argc
Module: D:\WATCOM/lib386/nt\clib3r.lib(mbcupper.c)
00414070       _mbctoupper_
Module: D:\WATCOM/lib386\math387r.lib(bufld386)
0041409c       __ZBuf2LD
Module: D:\WATCOM/lib386\math387r.lib(inf_nan.c)
0041413f*      ___f_infinity
00414143*      ___f_posqnan
00414147       ___d_infinity
0041414f       ___d_posqnan
00414157*      ___ld_infinity
0041415f*      ___ld_posqnan
Module: D:\WATCOM/lib386/nt\clib3r.lib(hugeval.c)
00414170       __HugeValue
Module: D:\WATCOM/lib386\math387r.lib(ldclass.c)
00414178       __LDClass_
004141c8*      _FLClass_
Module: D:\WATCOM/lib386/nt\clib3r.lib(chipbug.c)
004141e0       __verify_pentium_fdiv_bug_
Module: D:\WATCOM/lib386/nt\clib3r.lib(trdalloc.c)
00414240       __FiniThreadProcessing_
Module: D:\WATCOM/lib386/nt\clib3r.lib(nheapmin.c)
00414250       _nheapshrink_
00414250*      _nheapmin_
00414250*      _heapmin_
00414250       _heapshrink_
Module: D:\WATCOM/lib386/nt\clib3r.lib(thredwnt.c)
004143f0       __CBeginThread_
00414490       __CEndThread_
Module: D:\WATCOM/lib386/nt\clib3r.lib(amblksiz.c)
00419d28       __amblksiz
Module: D:\WATCOM/lib386/nt\clib3r.lib(heapen.c)
004144d0*      _heapenable_
00419d2c       ___heap_enabled
Module: D:\WATCOM/lib386/nt\clib3r.lib(strtol.c)
00414720*      strtoul_
00414730       strtol_
Module: D:\WATCOM/lib386/nt\clib3r.lib(putenv.c)
00414740       putenv_
004149d0       __putenv_
Module: D:\WATCOM/lib386/nt\clib3r.lib(flush.c)
00414b40       __flush_
Module: D:\WATCOM/lib386/nt\clib3r.lib(locmktim.c)
00414c40       __local_mktime_
Module: D:\WATCOM/lib386/nt\clib3r.lib(gmtime.c)
00414dc0       __brktime_
00414ec0+      _gmtime_
00414ee0*      gmtime_
Module: D:\WATCOM/lib386/nt\clib3r.lib(tzset.c)
00419dbc       ___start_dst
00419de0       ___end_dst
00419f08*      _tzname
00419f10       _timezone
00419f14       _daylight
00419f18       ___dst_adjust
00414f50*      __DontCacheOSTZ_
00414f60*      __CacheOSTZ_
00415440+      __parse_tz_
00415830       tzset_
Module: D:\WATCOM/lib386/nt\clib3r.lib(timeutil.c)
004159a0       __isindst_
Module: D:\WATCOM/lib386/nt\clib3r.lib(mbconv.c)
00415cd0       _mbvtop_
Module: D:\WATCOM/lib386/nt\clib3r.lib(mbclen.c)
00415cf0       _mbclen_
Module: D:\WATCOM/lib386/nt\clib3r.lib(mbccmp.c)
00415d20       _mbccmp_
Module: D:\WATCOM/lib386/nt\clib3r.lib(mbinit.c)
00415d95       __mbinit_
00419f20       ___MBCodePage
Module: D:\WATCOM/lib386/nt\clib3r.lib(initargv.c)
00415e90       __Init_Argv_
00415ee0+      _getargv_
00416080       __Fini_Argv_
Module: D:\WATCOM/lib386/nt\clib3r.lib(mbslen.c)
00416090       _mbslen_
Module: D:\WATCOM/lib386/nt\clib3r.lib(mbstowcs.c)
004160c0       mbstowcs_
Module: D:\WATCOM/lib386/nt\clib3r.lib(uputenv.c)
00416140*      _wputenv_
00416360       __wputenv_
Module: D:\WATCOM/lib386/nt\clib3r.lib(fsync.c)
00416460       fsync_
Module: D:\WATCOM/lib386/nt\clib3r.lib(qwrit.c)
004164b0       __qwrite_
Module: D:\WATCOM/lib386/nt\clib3r.lib(leapyear.c)
00416590       __leapyear_
00418a94       ___diyr
00418aae       ___dilyr
Module: D:\WATCOM/lib386/nt\clib3r.lib(wcstombs.c)
004165d0       wcstombs_
Module: D:\WATCOM/lib386/nt\clib3r.lib(histsplt.c)
0041c0ec       ___historical_splitparms
Module: D:\WATCOM/lib386/nt\clib3r.lib(mbtowc.c)
00416670       mbtowc_
Module: D:\WATCOM/lib386/nt\clib3r.lib(ustrchr.c)
00416700       wcschr_
Module: D:\WATCOM/lib386/nt\clib3r.lib(setenvar.c)
00416720       __lib_SetEnvironmentVariableW_
Module: D:\WATCOM/lib386/nt\clib3r.lib(crtwenv.c)
00416810       __create_wide_environment_
Module: D:\WATCOM/lib386/nt\clib3r.lib(utoupper.c)
00416878       towupper_
Module: D:\WATCOM/lib386/nt\clib3r.lib(wctomb.c)
00416890       wctomb_


                        +----------------------+
                        |   Imported Symbols   |
                        +----------------------+

Symbol                              Module
======                              ======

_GetEnvironmentStringsA@0           KERNEL32.DLL
_GetVersion@0                       KERNEL32.DLL
_GetModuleFileNameA@12              KERNEL32.DLL
_GetCommandLineA@0                  KERNEL32.DLL
_GetCommandLineW@0                  KERNEL32.DLL
_FreeEnvironmentStringsA@4          KERNEL32.DLL
_GetModuleHandleA@4                 KERNEL32.DLL
_ExitProcess@4                      KERNEL32.DLL
_RtlUnwind@16                       KERNEL32.DLL
_MessageBoxA@16                     USER32.DLL
_SetStdHandle@8                     KERNEL32.DLL
_CreateEventA@16                    KERNEL32.DLL
_GetStdHandle@4                     KERNEL32.DLL
_CloseHandle@4                      KERNEL32.DLL
_GetModuleFileNameW@12              KERNEL32.DLL
_MultiByteToWideChar@24             KERNEL32.DLL
_LoadLibraryA@4                     KERNEL32.DLL
_GetProcAddress@8                   KERNEL32.DLL
_WriteFile@20                       KERNEL32.DLL
_SetUnhandledExceptionFilter@4      KERNEL32.DLL
_UnhandledExceptionFilter@4         KERNEL32.DLL
_VirtualQuery@12                    KERNEL32.DLL
_SetFilePointer@16                  KERNEL32.DLL
_GetLastError@0                     KERNEL32.DLL
_GetFileType@4                      KERNEL32.DLL
_GetFullPathNameA@16                KERNEL32.DLL
_GetFileInformationByHandle@8       KERNEL32.DLL
_GetFileTime@16                     KERNEL32.DLL
_GetFileSize@8                      KERNEL32.DLL
_CreateFileA@28                     KERNEL32.DLL
_GetDriveTypeA@4                    KERNEL32.DLL
_FindFirstFileA@8                   KERNEL32.DLL
_FindClose@4                        KERNEL32.DLL
_GetCurrentThreadId@0               KERNEL32.DLL
_SetConsoleCtrlHandler@8            KERNEL32.DLL
_TlsGetValue@4                      KERNEL32.DLL
_TlsSetValue@8                      KERNEL32.DLL
_GetFileAttributesA@4               KERNEL32.DLL
_GetCurrentDirectoryA@8             KERNEL32.DLL
_FileTimeToLocalFileTime@8          KERNEL32.DLL
_FileTimeToDosDateTime@12           KERNEL32.DLL
_DosDateTimeToFileTime@12           KERNEL32.DLL
_LocalFileTimeToFileTime@8          KERNEL32.DLL
_FindNextFileA@8                    KERNEL32.DLL
_FormatMessageA@28                  KERNEL32.DLL
_DeleteFileA@4                      KERNEL32.DLL
_SetEndOfFile@4                     KERNEL32.DLL
_ReadFile@20                        KERNEL32.DLL
_InitializeCriticalSection@4        KERNEL32.DLL
_DeleteCriticalSection@4            KERNEL32.DLL
_LeaveCriticalSection@4             KERNEL32.DLL
_EnterCriticalSection@4             KERNEL32.DLL
_SetLastError@4                     KERNEL32.DLL
_TlsAlloc@0                         KERNEL32.DLL
_TlsFree@4                          KERNEL32.DLL
_VirtualAlloc@16                    KERNEL32.DLL
_CharUpperA@4                       USER32.DLL
_VirtualFree@12                     KERNEL32.DLL
_CreateThread@24                    KERNEL32.DLL
_ResumeThread@4                     KERNEL32.DLL
_ExitThread@4                       KERNEL32.DLL
_SetEnvironmentVariableA@8          KERNEL32.DLL
_GetTimeZoneInformation@4           KERNEL32.DLL
_GetACP@0                           KERNEL32.DLL
_GetOEMCP@0                         KERNEL32.DLL
_GetCPInfo@8                        KERNEL32.DLL
_FlushFileBuffers@4                 KERNEL32.DLL
_SetEnvironmentVariableW@8          KERNEL32.DLL
_WideCharToMultiByte@32             KERNEL32.DLL


                        +--------------------+
                        |   Libraries Used   |
                        +--------------------+

D:\WATCOM/lib386/nt\kernel32.lib
D:\WATCOM/lib386/nt\user32.lib
D:\WATCOM/lib386/nt\flib7.lib
D:\WATCOM/lib386\math387r.lib
D:\WATCOM/lib386/nt\clib3r.lib
D:\WATCOM/lib386/nt\emu387.lib


                        +-----------------------+
                        |   Linker Statistics   |
                        +-----------------------+

Stack size:  00010000 (65536.)
Memory size:  0002a314 (172820.)
Entry point address: 00403c04
Link time: 00:00.03
